// Vitest Snapshot v1

exports[`stringifyEventMetadata > Resolves event metadata 1`] = `
{
  "assignedTo": {
    "name": "Joseph Musonda",
    "signature": "",
  },
  "createdAt": "1 February 2000",
  "createdAtLocation": {
    "country": "Farajaland",
    "district": "Embe",
    "location": "HQ Office",
    "province": "Pualula",
  },
  "createdBy": {
    "name": "Joseph Musonda",
    "signature": "",
  },
  "dateOfEvent": "1 February 2000",
  "flags": [],
  "id": "2d3a371a-2912-4412-a4af-245480984436",
  "legalStatuses": {
    "DECLARED": null,
    "REGISTERED": null,
  },
  "modifiedAt": "15 May 2025",
  "status": "REGISTERED",
  "trackingId": "B77FF6",
  "type": "TENNIS_CLUB_MEMBERSHIP",
  "updatedAt": "2 February 2000",
  "updatedAtLocation": {
    "country": "Farajaland",
    "district": "Embe",
    "location": "HQ Office",
    "province": "Pualula",
  },
  "updatedBy": {
    "name": "Joseph Musonda",
    "signature": "",
  },
  "updatedByUserRole": "FIELD_AGENT",
}
`;
